========================================
       LINUX SYSTEM MONITOR
========================================
Hostname      : server
OS            : Red Hat Enterprise Linux 9.8 (Plow)
Kernel        : 5.14.0-687.34.1.el9_8.x86_64
Uptime        : up 1 hour, 59 minutes
----------------------------------------
SYSTEM RESOURCES
----------------------------------------
CPU Usage     : 6.10%
[OK] CPU usage is normal
Load Average  : 0.00
Memory Usage  : 38.03%
[OK] Memory usage is normal
----------------------------------------
DISK MONITORING
----------------------------------------
/dev : 0%
/dev/shm : 0%
/run : 2%
/sys/firmware/efi/efivars : 23%
/ : 21%
/boot : 70%
/storage : 2%
/boot/efi : 2%
/run/user/1000 : 1%
/run/media/kunjan/CDROM : 100%
[WARNING] /run/media/kunjan/CDROM disk usage is above 80%
/run/media/kunjan/RHEL-9-8-0-BaseOS-x86_64 : 100%
[WARNING] /run/media/kunjan/RHEL-9-8-0-BaseOS-x86_64 disk usage is above 80%
----------------------------------------
TOP PROCESSES
----------------------------------------
    PID COMMAND         %CPU %MEM
   3336 gnome-shell      0.8  5.7
   4028 gnome-terminal-  0.3  1.4
   1000 vmtoolsd         0.2  0.2
   3571 vmtoolsd         0.2  1.0
      1 systemd          0.1  0.4
----------------------------------------
NETWORK MONITORING
----------------------------------------
Network Interfaces:
lo               UNKNOWN        127.0.0.1/8 ::1/128 
ens160           UP             192.168.211.131/24 fe80::3e6f:7f65:7bd8:375d/64 
docker0          DOWN           172.17.0.1/16 

Default Route:
default via 192.168.211.2 dev ens160 proto dhcp src 192.168.211.131 metric 100 

Internet Connectivity:
Status        : CONNECTED
[OK] Network connectivity is available

----------------------------------------
SERVICE MONITORING
----------------------------------------
sshd : RUNNING
firewalld : RUNNING
========================================
TEST LOG
========================================
       LINUX SYSTEM MONITOR
========================================
Hostname      : server
OS            : Red Hat Enterprise Linux 9.8 (Plow)
Kernel        : 5.14.0-687.34.1.el9_8.x86_64
Uptime        : up 2 hours
----------------------------------------
SYSTEM RESOURCES
----------------------------------------
CPU Usage     : 15.80%
[OK] CPU usage is normal
Load Average  : 0.07
Memory Usage  : 38.03%
[OK] Memory usage is normal
----------------------------------------
DISK MONITORING
----------------------------------------
/dev : 0%
/dev/shm : 0%
/run : 2%
/sys/firmware/efi/efivars : 23%
/ : 21%
/boot : 70%
/storage : 2%
/boot/efi : 2%
/run/user/1000 : 1%
/run/media/kunjan/CDROM : 100%
[WARNING] /run/media/kunjan/CDROM disk usage is above 80%
/run/media/kunjan/RHEL-9-8-0-BaseOS-x86_64 : 100%
[WARNING] /run/media/kunjan/RHEL-9-8-0-BaseOS-x86_64 disk usage is above 80%
----------------------------------------
TOP PROCESSES
----------------------------------------
    PID COMMAND         %CPU %MEM
   3336 gnome-shell      0.8  5.7
   4028 gnome-terminal-  0.3  1.4
   1000 vmtoolsd         0.2  0.2
   3571 vmtoolsd         0.2  1.0
      1 systemd          0.1  0.4
----------------------------------------
NETWORK MONITORING
----------------------------------------
Network Interfaces:
lo               UNKNOWN        127.0.0.1/8 ::1/128 
ens160           UP             192.168.211.131/24 fe80::3e6f:7f65:7bd8:375d/64 
docker0          DOWN           172.17.0.1/16 

Default Route:
default via 192.168.211.2 dev ens160 proto dhcp src 192.168.211.131 metric 100 

Internet Connectivity:
Status        : CONNECTED
[OK] Network connectivity is available

----------------------------------------
SERVICE MONITORING
----------------------------------------
sshd : RUNNING
firewalld : RUNNING
========================================
========================================
       LINUX SYSTEM MONITOR
========================================
Hostname      : server
OS            : Red Hat Enterprise Linux 9.8 (Plow)
Kernel        : 5.14.0-687.34.1.el9_8.x86_64
Uptime        : up 2 hours, 11 minutes
----------------------------------------
SYSTEM RESOURCES
----------------------------------------
CPU Usage     : 10.80%
[OK] CPU usage is normal
Load Average  : 0.11
Memory Usage  : 37.83%
[OK] Memory usage is normal
----------------------------------------
DISK MONITORING
----------------------------------------
/dev : 0%
/dev/shm : 0%
/run : 2%
/sys/firmware/efi/efivars : 23%
/ : 21%
/boot : 70%
/storage : 2%
/boot/efi : 2%
/run/user/1000 : 1%
/run/media/kunjan/CDROM : 100%
[WARNING] /run/media/kunjan/CDROM disk usage is above 80%
/run/media/kunjan/RHEL-9-8-0-BaseOS-x86_64 : 100%
[WARNING] /run/media/kunjan/RHEL-9-8-0-BaseOS-x86_64 disk usage is above 80%
----------------------------------------
TOP PROCESSES
----------------------------------------
    PID COMMAND         %CPU %MEM
   3336 gnome-shell      0.9  5.7
   4028 gnome-terminal-  0.4  1.4
   1000 vmtoolsd         0.2  0.2
   3571 vmtoolsd         0.2  1.0
      1 systemd          0.1  0.4
----------------------------------------
NETWORK MONITORING
----------------------------------------
Network Interfaces:
lo               UNKNOWN        127.0.0.1/8 ::1/128 
ens160           UP             192.168.211.131/24 fe80::3e6f:7f65:7bd8:375d/64 
docker0          DOWN           172.17.0.1/16 

Default Route:
default via 192.168.211.2 dev ens160 proto dhcp src 192.168.211.131 metric 100 

Internet Connectivity:
Status        : CONNECTED
[OK] Network connectivity is available

----------------------------------------
SERVICE MONITORING
----------------------------------------
sshd : RUNNING
firewalld : RUNNING
========================================
========================================
       LINUX SYSTEM MONITOR
========================================
Hostname      : server
OS            : Red Hat Enterprise Linux 9.8 (Plow)
Kernel        : 5.14.0-687.34.1.el9_8.x86_64
Uptime        : up 2 hours, 34 minutes
----------------------------------------
SYSTEM RESOURCES
----------------------------------------
CPU Usage     : 14.60%
[OK] CPU usage is normal
Load Average  : 0.04
Memory Usage  : 39.06%
[OK] Memory usage is normal
----------------------------------------
DISK MONITORING
----------------------------------------
/dev : 0%
/dev/shm : 0%
/run : 2%
/sys/firmware/efi/efivars : 23%
/ : 21%
/boot : 70%
/storage : 2%
/boot/efi : 2%
/run/user/1000 : 1%
/run/media/kunjan/CDROM : 100%
[WARNING] /run/media/kunjan/CDROM disk usage is above 80%
/run/media/kunjan/RHEL-9-8-0-BaseOS-x86_64 : 100%
[WARNING] /run/media/kunjan/RHEL-9-8-0-BaseOS-x86_64 disk usage is above 80%
----------------------------------------
TOP PROCESSES
----------------------------------------
    PID COMMAND         %CPU %MEM
   3336 gnome-shell      0.8  5.7
   4028 gnome-terminal-  0.3  1.4
   1000 vmtoolsd         0.2  0.2
   3571 vmtoolsd         0.2  1.0
      1 systemd          0.1  0.5
----------------------------------------
NETWORK MONITORING
----------------------------------------
Network Interfaces:
lo               UNKNOWN        127.0.0.1/8 ::1/128 
ens160           UP             192.168.211.131/24 fe80::3e6f:7f65:7bd8:375d/64 
docker0          DOWN           172.17.0.1/16 

Default Route:
default via 192.168.211.2 dev ens160 proto dhcp src 192.168.211.131 metric 100 

Internet Connectivity:
Status        : CONNECTED
[OK] Network connectivity is available

----------------------------------------
SERVICE MONITORING
----------------------------------------
sshd : RUNNING
firewalld : RUNNING
========================================
========================================
       LINUX SYSTEM MONITOR
========================================
Hostname      : server
OS            : Red Hat Enterprise Linux 9.8 (Plow)
Kernel        : 5.14.0-687.34.1.el9_8.x86_64
Uptime        : up 2 hours, 41 minutes
----------------------------------------
SYSTEM RESOURCES
----------------------------------------
CPU Usage     : 17.90%
[OK] CPU usage is normal
Load Average  : 0.00
Memory Usage  : 38.65%
[OK] Memory usage is normal
----------------------------------------
DISK MONITORING
----------------------------------------
/dev : 0%
/dev/shm : 0%
/run : 2%
/sys/firmware/efi/efivars : 23%
/ : 21%
/boot : 70%
/storage : 2%
/boot/efi : 2%
/run/user/1000 : 1%
/run/media/kunjan/CDROM : 100%
[WARNING] /run/media/kunjan/CDROM disk usage is above 80%
/run/media/kunjan/RHEL-9-8-0-BaseOS-x86_64 : 100%
[WARNING] /run/media/kunjan/RHEL-9-8-0-BaseOS-x86_64 disk usage is above 80%
----------------------------------------
TOP PROCESSES
----------------------------------------
    PID COMMAND         %CPU %MEM
   7639 sudo             3.0  0.2
   3336 gnome-shell      0.8  5.7
   4028 gnome-terminal-  0.3  1.4
   1000 vmtoolsd         0.2  0.2
   3571 vmtoolsd         0.2  1.0
----------------------------------------
NETWORK MONITORING
----------------------------------------
Network Interfaces:
lo               UNKNOWN        127.0.0.1/8 ::1/128 
ens160           UP             192.168.211.131/24 fe80::3e6f:7f65:7bd8:375d/64 
docker0          DOWN           172.17.0.1/16 

Default Route:
default via 192.168.211.2 dev ens160 proto dhcp src 192.168.211.131 metric 100 

Internet Connectivity:
Status        : CONNECTED
[OK] Network connectivity is available

----------------------------------------
SERVICE MONITORING
----------------------------------------
sshd : RUNNING
firewalld : RUNNING
========================================
========================================
       LINUX SYSTEM MONITOR
========================================
Hostname      : server
OS            : Red Hat Enterprise Linux 9.8 (Plow)
Kernel        : 5.14.0-687.34.1.el9_8.x86_64
Uptime        : up 2 hours, 41 minutes
----------------------------------------
SYSTEM RESOURCES
----------------------------------------
CPU Usage     : 16.70%
[OK] CPU usage is normal
Load Average  : 0.00
Memory Usage  : 38.68%
[OK] Memory usage is normal
----------------------------------------
DISK MONITORING
----------------------------------------
/dev : 0%
/dev/shm : 0%
/run : 2%
/sys/firmware/efi/efivars : 23%
/ : 21%
/boot : 70%
/storage : 2%
/boot/efi : 2%
/run/user/1000 : 1%
/run/media/kunjan/CDROM : 100%
[WARNING] /run/media/kunjan/CDROM disk usage is above 80%
/run/media/kunjan/RHEL-9-8-0-BaseOS-x86_64 : 100%
[WARNING] /run/media/kunjan/RHEL-9-8-0-BaseOS-x86_64 disk usage is above 80%
----------------------------------------
TOP PROCESSES
----------------------------------------
    PID COMMAND         %CPU %MEM
   7713 sudo             2.0  0.2
   3336 gnome-shell      0.8  5.7
   4028 gnome-terminal-  0.3  1.4
   1000 vmtoolsd         0.2  0.2
   3571 vmtoolsd         0.2  1.0
----------------------------------------
NETWORK MONITORING
----------------------------------------
Network Interfaces:
lo               UNKNOWN        127.0.0.1/8 ::1/128 
ens160           UP             192.168.211.131/24 fe80::3e6f:7f65:7bd8:375d/64 
docker0          DOWN           172.17.0.1/16 

Default Route:
default via 192.168.211.2 dev ens160 proto dhcp src 192.168.211.131 metric 100 

Internet Connectivity:
Status        : CONNECTED
[OK] Network connectivity is available

----------------------------------------
SERVICE MONITORING
----------------------------------------
sshd : RUNNING
firewalld : RUNNING
========================================
========================================
       LINUX SYSTEM MONITOR
========================================
Hostname      : server
OS            : Red Hat Enterprise Linux 9.8 (Plow)
Kernel        : 5.14.0-687.34.1.el9_8.x86_64
Uptime        : up 2 hours, 47 minutes
----------------------------------------
SYSTEM RESOURCES
----------------------------------------
CPU Usage     : 13.90%
[OK] CPU usage is normal
Load Average  : 0.05
Memory Usage  : 40.07%
[OK] Memory usage is normal
----------------------------------------
DISK MONITORING
----------------------------------------
/dev : 0%
/dev/shm : 0%
/run : 2%
/sys/firmware/efi/efivars : 23%
/ : 21%
/boot : 70%
/storage : 2%
/boot/efi : 2%
/run/user/1000 : 1%
/run/media/kunjan/CDROM : 100%
[WARNING] /run/media/kunjan/CDROM disk usage is above 80%
/run/media/kunjan/RHEL-9-8-0-BaseOS-x86_64 : 100%
[WARNING] /run/media/kunjan/RHEL-9-8-0-BaseOS-x86_64 disk usage is above 80%
----------------------------------------
TOP PROCESSES
----------------------------------------
    PID COMMAND         %CPU %MEM
   7938 sudo             1.0  0.2
   7943 monitor.sh       1.0  0.0
   3336 gnome-shell      0.8  5.7
   4028 gnome-terminal-  0.3  1.4
   1000 vmtoolsd         0.2  0.2
----------------------------------------
NETWORK MONITORING
----------------------------------------
Network Interfaces:
lo               UNKNOWN        127.0.0.1/8 ::1/128 
ens160           UP             192.168.211.131/24 fe80::3e6f:7f65:7bd8:375d/64 
docker0          DOWN           172.17.0.1/16 

Default Route:
default via 192.168.211.2 dev ens160 proto dhcp src 192.168.211.131 metric 100 

Internet Connectivity:
Status        : CONNECTED
[OK] Network connectivity is available

----------------------------------------
SERVICE MONITORING
----------------------------------------
sshd : RUNNING
firewalld : RUNNING
========================================
========================================
       LINUX SYSTEM MONITOR
========================================
Hostname      : server
OS            : Red Hat Enterprise Linux 9.8 (Plow)
Kernel        : 5.14.0-687.34.1.el9_8.x86_64
Uptime        : up 2 hours, 52 minutes
----------------------------------------
SYSTEM RESOURCES
----------------------------------------
CPU Usage     : 12.50%
[OK] CPU usage is normal
Load Average  : 0.06
Memory Usage  : 38.57%
[OK] Memory usage is normal
----------------------------------------
DISK MONITORING
----------------------------------------
/dev : 0%
/dev/shm : 0%
/run : 2%
/sys/firmware/efi/efivars : 23%
/ : 21%
/boot : 70%
/storage : 2%
/boot/efi : 2%
/run/user/1000 : 1%
/run/media/kunjan/CDROM : 100%
[WARNING] /run/media/kunjan/CDROM disk usage is above 80%
/run/media/kunjan/RHEL-9-8-0-BaseOS-x86_64 : 100%
[WARNING] /run/media/kunjan/RHEL-9-8-0-BaseOS-x86_64 disk usage is above 80%
----------------------------------------
TOP PROCESSES
----------------------------------------
    PID COMMAND         %CPU %MEM
   3336 gnome-shell      0.8  5.7
   4028 gnome-terminal-  0.3  1.4
   1000 vmtoolsd         0.2  0.2
   3571 vmtoolsd         0.2  1.0
      1 systemd          0.1  0.5
----------------------------------------
NETWORK MONITORING
----------------------------------------
Network Interfaces:
lo               UNKNOWN        127.0.0.1/8 ::1/128 
ens160           UP             192.168.211.131/24 fe80::3e6f:7f65:7bd8:375d/64 
docker0          DOWN           172.17.0.1/16 

Default Route:
default via 192.168.211.2 dev ens160 proto dhcp src 192.168.211.131 metric 100 

Internet Connectivity:
Status        : CONNECTED
[OK] Network connectivity is available

----------------------------------------
SERVICE MONITORING
----------------------------------------
sshd : RUNNING
firewalld : RUNNING
========================================
========================================
       LINUX SYSTEM MONITOR
========================================
Hostname      : server
OS            : Red Hat Enterprise Linux 9.8 (Plow)
Kernel        : 5.14.0-687.34.1.el9_8.x86_64
Uptime        : up 2 hours, 57 minutes
----------------------------------------
SYSTEM RESOURCES
----------------------------------------
CPU Usage     : 8.60%
[OK] CPU usage is normal
Load Average  : 0.01
Memory Usage  : 38.56%
[OK] Memory usage is normal
----------------------------------------
DISK MONITORING
----------------------------------------
/dev : 0%
/dev/shm : 0%
/run : 2%
/sys/firmware/efi/efivars : 23%
/ : 21%
/boot : 70%
/storage : 2%
/boot/efi : 2%
/run/user/1000 : 1%
/run/media/kunjan/CDROM : 100%
[WARNING] /run/media/kunjan/CDROM disk usage is above 80%
/run/media/kunjan/RHEL-9-8-0-BaseOS-x86_64 : 100%
[WARNING] /run/media/kunjan/RHEL-9-8-0-BaseOS-x86_64 disk usage is above 80%
----------------------------------------
TOP PROCESSES
----------------------------------------
    PID COMMAND         %CPU %MEM
   8371 monitor.sh       1.0  0.0
   3336 gnome-shell      0.8  5.7
   4028 gnome-terminal-  0.3  1.4
   1000 vmtoolsd         0.2  0.2
   3571 vmtoolsd         0.2  1.0
----------------------------------------
NETWORK MONITORING
----------------------------------------
Network Interfaces:
lo               UNKNOWN        127.0.0.1/8 ::1/128 
ens160           UP             192.168.211.131/24 fe80::3e6f:7f65:7bd8:375d/64 
docker0          DOWN           172.17.0.1/16 

Default Route:
default via 192.168.211.2 dev ens160 proto dhcp src 192.168.211.131 metric 100 

Internet Connectivity:
Status        : CONNECTED
[OK] Network connectivity is available

----------------------------------------
SERVICE MONITORING
----------------------------------------
sshd : RUNNING
firewalld : RUNNING
========================================
========================================
       LINUX SYSTEM MONITOR
========================================
Hostname      : server
OS            : Red Hat Enterprise Linux 9.8 (Plow)
Kernel        : 5.14.0-687.34.1.el9_8.x86_64
Uptime        : up 3 hours, 2 minutes
----------------------------------------
SYSTEM RESOURCES
----------------------------------------
CPU Usage     : 11.10%
[OK] CPU usage is normal
Load Average  : 0.00
Memory Usage  : 38.58%
[OK] Memory usage is normal
----------------------------------------
DISK MONITORING
----------------------------------------
/dev : 0%
/dev/shm : 0%
/run : 2%
/sys/firmware/efi/efivars : 23%
/ : 21%
/boot : 70%
/storage : 2%
/boot/efi : 2%
/run/user/1000 : 1%
/run/media/kunjan/CDROM : 100%
[WARNING] /run/media/kunjan/CDROM disk usage is above 80%
/run/media/kunjan/RHEL-9-8-0-BaseOS-x86_64 : 100%
[WARNING] /run/media/kunjan/RHEL-9-8-0-BaseOS-x86_64 disk usage is above 80%
----------------------------------------
TOP PROCESSES
----------------------------------------
    PID COMMAND         %CPU %MEM
   3336 gnome-shell      0.8  5.7
   4028 gnome-terminal-  0.3  1.4
   1000 vmtoolsd         0.2  0.2
   3571 vmtoolsd         0.2  1.0
      1 systemd          0.1  0.5
----------------------------------------
NETWORK MONITORING
----------------------------------------
Network Interfaces:
lo               UNKNOWN        127.0.0.1/8 ::1/128 
ens160           UP             192.168.211.131/24 fe80::3e6f:7f65:7bd8:375d/64 
docker0          DOWN           172.17.0.1/16 

Default Route:
default via 192.168.211.2 dev ens160 proto dhcp src 192.168.211.131 metric 100 

Internet Connectivity:
Status        : CONNECTED
[OK] Network connectivity is available

----------------------------------------
SERVICE MONITORING
----------------------------------------
sshd : RUNNING
firewalld : RUNNING
========================================
========================================
       LINUX SYSTEM MONITOR
========================================
Hostname      : server
OS            : Red Hat Enterprise Linux 9.8 (Plow)
Kernel        : 5.14.0-687.34.1.el9_8.x86_64
Uptime        : up 3 hours, 7 minutes
----------------------------------------
SYSTEM RESOURCES
----------------------------------------
CPU Usage     : 5.90%
[OK] CPU usage is normal
Load Average  : 0.24
Memory Usage  : 38.50%
[OK] Memory usage is normal
----------------------------------------
DISK MONITORING
----------------------------------------
/dev : 0%
/dev/shm : 0%
/run : 2%
/sys/firmware/efi/efivars : 23%
/ : 21%
/boot : 70%
/storage : 2%
/boot/efi : 2%
/run/user/1000 : 1%
/run/media/kunjan/CDROM : 100%
[WARNING] /run/media/kunjan/CDROM disk usage is above 80%
/run/media/kunjan/RHEL-9-8-0-BaseOS-x86_64 : 100%
[WARNING] /run/media/kunjan/RHEL-9-8-0-BaseOS-x86_64 disk usage is above 80%
----------------------------------------
TOP PROCESSES
----------------------------------------
    PID COMMAND         %CPU %MEM
   3336 gnome-shell      0.8  5.7
   4028 gnome-terminal-  0.3  1.4
   1000 vmtoolsd         0.2  0.2
   3571 vmtoolsd         0.2  1.0
      1 systemd          0.1  0.5
----------------------------------------
NETWORK MONITORING
----------------------------------------
Network Interfaces:
lo               UNKNOWN        127.0.0.1/8 ::1/128 
ens160           UP             192.168.211.131/24 fe80::3e6f:7f65:7bd8:375d/64 
docker0          DOWN           172.17.0.1/16 

Default Route:
default via 192.168.211.2 dev ens160 proto dhcp src 192.168.211.131 metric 100 

Internet Connectivity:
Status        : CONNECTED
[OK] Network connectivity is available

----------------------------------------
SERVICE MONITORING
----------------------------------------
sshd : RUNNING
firewalld : RUNNING
========================================
========================================
       LINUX SYSTEM MONITOR
========================================
Hostname      : server
OS            : Red Hat Enterprise Linux 9.8 (Plow)
Kernel        : 5.14.0-687.34.1.el9_8.x86_64
Uptime        : up 3 hours, 12 minutes
----------------------------------------
SYSTEM RESOURCES
----------------------------------------
CPU Usage     : 11.10%
[OK] CPU usage is normal
Load Average  : 0.00
Memory Usage  : 38.51%
[OK] Memory usage is normal
----------------------------------------
DISK MONITORING
----------------------------------------
/dev : 0%
/dev/shm : 0%
/run : 2%
/sys/firmware/efi/efivars : 23%
/ : 21%
/boot : 70%
/storage : 2%
/boot/efi : 2%
/run/user/1000 : 1%
/run/media/kunjan/CDROM : 100%
[WARNING] /run/media/kunjan/CDROM disk usage is above 80%
/run/media/kunjan/RHEL-9-8-0-BaseOS-x86_64 : 100%
[WARNING] /run/media/kunjan/RHEL-9-8-0-BaseOS-x86_64 disk usage is above 80%
----------------------------------------
TOP PROCESSES
----------------------------------------
    PID COMMAND         %CPU %MEM
   3336 gnome-shell      0.7  5.7
   4028 gnome-terminal-  0.3  1.4
   1000 vmtoolsd         0.2  0.2
   3571 vmtoolsd         0.2  1.0
      1 systemd          0.1  0.5
----------------------------------------
NETWORK MONITORING
----------------------------------------
Network Interfaces:
lo               UNKNOWN        127.0.0.1/8 ::1/128 
ens160           UP             192.168.211.131/24 fe80::3e6f:7f65:7bd8:375d/64 
docker0          DOWN           172.17.0.1/16 

Default Route:
default via 192.168.211.2 dev ens160 proto dhcp src 192.168.211.131 metric 100 

Internet Connectivity:
Status        : CONNECTED
[OK] Network connectivity is available

----------------------------------------
SERVICE MONITORING
----------------------------------------
sshd : RUNNING
firewalld : RUNNING
========================================
========================================
       LINUX SYSTEM MONITOR
========================================
Hostname      : server
OS            : Red Hat Enterprise Linux 9.8 (Plow)
Kernel        : 5.14.0-687.34.1.el9_8.x86_64
Uptime        : up 1 minute
----------------------------------------
SYSTEM RESOURCES
----------------------------------------
CPU Usage     : 16.70%
[OK] CPU usage is normal
Load Average  : 0.86
Memory Usage  : 27.26%
[OK] Memory usage is normal
----------------------------------------
DISK MONITORING
----------------------------------------
/dev : 0%
/dev/shm : 0%
/run : 2%
/sys/firmware/efi/efivars : 23%
/ : 21%
/boot : 70%
/storage : 2%
/boot/efi : 2%
/run/user/42 : 1%
----------------------------------------
TOP PROCESSES
----------------------------------------
    PID COMMAND         %CPU %MEM
     26 migration/1      6.1  0.0
   1686 gnome-shell      5.6  5.0
     31 kworker/u514:0-  4.9  0.0
      1 systemd          3.8  0.4
   1044 firewalld        2.9  1.2
----------------------------------------
NETWORK MONITORING
----------------------------------------
Network Interfaces:
lo               UNKNOWN        127.0.0.1/8 ::1/128 
ens160           UP             192.168.211.131/24 fe80::3e6f:7f65:7bd8:375d/64 
docker0          DOWN           172.17.0.1/16 

Default Route:
default via 192.168.211.2 dev ens160 proto dhcp src 192.168.211.131 metric 100 

Internet Connectivity:
Status        : CONNECTED
[OK] Network connectivity is available

----------------------------------------
SERVICE MONITORING
----------------------------------------
sshd : RUNNING
firewalld : RUNNING
========================================
========================================
       LINUX SYSTEM MONITOR
========================================
Hostname      : server
OS            : Red Hat Enterprise Linux 9.8 (Plow)
Kernel        : 5.14.0-687.34.1.el9_8.x86_64
Uptime        : up 6 minutes
----------------------------------------
SYSTEM RESOURCES
----------------------------------------
CPU Usage     : 21.30%
[OK] CPU usage is normal
Load Average  : 0.05
Memory Usage  : 26.71%
[OK] Memory usage is normal
----------------------------------------
DISK MONITORING
----------------------------------------
/dev : 0%
/dev/shm : 0%
/run : 2%
/sys/firmware/efi/efivars : 23%
/ : 21%
/boot : 70%
/storage : 2%
/boot/efi : 2%
/run/user/42 : 1%
----------------------------------------
TOP PROCESSES
----------------------------------------
    PID COMMAND         %CPU %MEM
   3268 monitor.sh       6.0  0.0
     26 migration/1      1.0  0.0
   1686 gnome-shell      0.9  5.0
      1 systemd          0.6  0.4
    998 vmtoolsd         0.3  0.2
----------------------------------------
NETWORK MONITORING
----------------------------------------
Network Interfaces:
lo               UNKNOWN        127.0.0.1/8 ::1/128 
ens160           UP             192.168.211.131/24 fe80::3e6f:7f65:7bd8:375d/64 
docker0          DOWN           172.17.0.1/16 

Default Route:
default via 192.168.211.2 dev ens160 proto dhcp src 192.168.211.131 metric 100 

Internet Connectivity:
Status        : CONNECTED
[OK] Network connectivity is available

----------------------------------------
SERVICE MONITORING
----------------------------------------
sshd : RUNNING
firewalld : RUNNING
========================================
========================================
       LINUX SYSTEM MONITOR
========================================
Hostname      : server
OS            : Red Hat Enterprise Linux 9.8 (Plow)
Kernel        : 5.14.0-687.34.1.el9_8.x86_64
Uptime        : up 11 minutes
----------------------------------------
SYSTEM RESOURCES
----------------------------------------
CPU Usage     : 8.30%
[OK] CPU usage is normal
Load Average  : 0.00
Memory Usage  : 26.70%
[OK] Memory usage is normal
----------------------------------------
DISK MONITORING
----------------------------------------
/dev : 0%
/dev/shm : 0%
/run : 2%
/sys/firmware/efi/efivars : 23%
/ : 21%
/boot : 70%
/storage : 2%
/boot/efi : 2%
/run/user/42 : 1%
----------------------------------------
TOP PROCESSES
----------------------------------------
    PID COMMAND         %CPU %MEM
     26 migration/1      0.5  0.0
   1686 gnome-shell      0.5  5.0
      1 systemd          0.3  0.4
    998 vmtoolsd         0.2  0.2
     44 khugepaged       0.1  0.0
----------------------------------------
NETWORK MONITORING
----------------------------------------
Network Interfaces:
lo               UNKNOWN        127.0.0.1/8 ::1/128 
ens160           UP             192.168.211.131/24 fe80::3e6f:7f65:7bd8:375d/64 
docker0          DOWN           172.17.0.1/16 

Default Route:
default via 192.168.211.2 dev ens160 proto dhcp src 192.168.211.131 metric 100 

Internet Connectivity:
Status        : CONNECTED
[OK] Network connectivity is available

----------------------------------------
SERVICE MONITORING
----------------------------------------
sshd : RUNNING
========================================
       LINUX SYSTEM MONITOR
========================================
Hostname      : server
OS            : Red Hat Enterprise Linux 9.8 (Plow)
Kernel        : 5.14.0-687.34.1.el9_8.x86_64
Uptime        : up 16 minutes
----------------------------------------
SYSTEM RESOURCES
----------------------------------------
CPU Usage     : 11.10%
[OK] CPU usage is normal
Load Average  : 0.06
Memory Usage  : 26.73%
[OK] Memory usage is normal
----------------------------------------
DISK MONITORING
----------------------------------------
/dev : 0%
/dev/shm : 0%
/run : 2%
/sys/firmware/efi/efivars : 23%
/ : 21%
/boot : 70%
/storage : 2%
/boot/efi : 2%
/run/user/42 : 1%
----------------------------------------
TOP PROCESSES
----------------------------------------
    PID COMMAND         %CPU %MEM
     26 migration/1      0.3  0.0
   1686 gnome-shell      0.3  5.0
      1 systemd          0.2  0.4
    998 vmtoolsd         0.2  0.2
     44 khugepaged       0.1  0.0
----------------------------------------
NETWORK MONITORING
----------------------------------------
Network Interfaces:
lo               UNKNOWN        127.0.0.1/8 ::1/128 
ens160           UP             192.168.211.131/24 fe80::3e6f:7f65:7bd8:375d/64 
docker0          DOWN           172.17.0.1/16 

Default Route:
default via 192.168.211.2 dev ens160 proto dhcp src 192.168.211.131 metric 100 

Internet Connectivity:
Status        : CONNECTED
[OK] Network connectivity is available

----------------------------------------
SERVICE MONITORING
----------------------------------------
sshd : RUNNING
firewalld : RUNNING
========================================
========================================
       LINUX SYSTEM MONITOR
========================================
Hostname      : server
OS            : Red Hat Enterprise Linux 9.8 (Plow)
Kernel        : 5.14.0-687.34.1.el9_8.x86_64
Uptime        : up 21 minutes
----------------------------------------
SYSTEM RESOURCES
----------------------------------------
CPU Usage     : 5.90%
[OK] CPU usage is normal
Load Average  : 0.00
Memory Usage  : 26.69%
[OK] Memory usage is normal
----------------------------------------
DISK MONITORING
----------------------------------------
/dev : 0%
/dev/shm : 0%
/run : 2%
/sys/firmware/efi/efivars : 23%
/ : 21%
/boot : 70%
/storage : 2%
/boot/efi : 2%
/run/user/42 : 1%
----------------------------------------
TOP PROCESSES
----------------------------------------
    PID COMMAND         %CPU %MEM
      1 systemd          0.2  0.4
     26 migration/1      0.2  0.0
    998 vmtoolsd         0.2  0.2
   1686 gnome-shell      0.2  5.0
   1044 firewalld        0.1  1.2
----------------------------------------
NETWORK MONITORING
----------------------------------------
Network Interfaces:
lo               UNKNOWN        127.0.0.1/8 ::1/128 
ens160           UP             192.168.211.131/24 fe80::3e6f:7f65:7bd8:375d/64 
docker0          DOWN           172.17.0.1/16 

Default Route:
default via 192.168.211.2 dev ens160 proto dhcp src 192.168.211.131 metric 100 

Internet Connectivity:
Status        : CONNECTED
[OK] Network connectivity is available

----------------------------------------
SERVICE MONITORING
----------------------------------------
sshd : RUNNING
========================================
       LINUX SYSTEM MONITOR
========================================
Hostname      : server
OS            : Red Hat Enterprise Linux 9.8 (Plow)
Kernel        : 5.14.0-687.34.1.el9_8.x86_64
Uptime        : up 26 minutes
----------------------------------------
SYSTEM RESOURCES
----------------------------------------
CPU Usage     : 6.10%
[OK] CPU usage is normal
Load Average  : 0.00
Memory Usage  : 26.70%
[OK] Memory usage is normal
----------------------------------------
DISK MONITORING
----------------------------------------
/dev : 0%
/dev/shm : 0%
/run : 2%
/sys/firmware/efi/efivars : 23%
/ : 21%
/boot : 70%
/storage : 2%
/boot/efi : 2%
/run/user/42 : 1%
----------------------------------------
TOP PROCESSES
----------------------------------------
    PID COMMAND         %CPU %MEM
     26 migration/1      0.2  0.0
    998 vmtoolsd         0.2  0.2
   1686 gnome-shell      0.2  5.0
      1 systemd          0.1  0.4
   1236 containerd       0.1  1.2
----------------------------------------
NETWORK MONITORING
----------------------------------------
Network Interfaces:
lo               UNKNOWN        127.0.0.1/8 ::1/128 
ens160           UP             192.168.211.131/24 fe80::3e6f:7f65:7bd8:375d/64 
docker0          DOWN           172.17.0.1/16 

Default Route:
default via 192.168.211.2 dev ens160 proto dhcp src 192.168.211.131 metric 100 

Internet Connectivity:
Status        : CONNECTED
[OK] Network connectivity is available

----------------------------------------
SERVICE MONITORING
----------------------------------------
sshd : RUNNING
firewalld : RUNNING
========================================
========================================
       LINUX SYSTEM MONITOR
========================================
Hostname      : server
OS            : Red Hat Enterprise Linux 9.8 (Plow)
Kernel        : 5.14.0-687.34.1.el9_8.x86_64
Uptime        : up 31 minutes
----------------------------------------
SYSTEM RESOURCES
----------------------------------------
CPU Usage     : 5.90%
[OK] CPU usage is normal
Load Average  : 0.00
Memory Usage  : 26.71%
[OK] Memory usage is normal
----------------------------------------
DISK MONITORING
----------------------------------------
/dev : 0%
/dev/shm : 0%
/run : 2%
/sys/firmware/efi/efivars : 23%
/ : 21%
/boot : 70%
/storage : 2%
/boot/efi : 2%
/run/user/42 : 1%
----------------------------------------
TOP PROCESSES
----------------------------------------
    PID COMMAND         %CPU %MEM
   3594 monitor.sh       1.0  0.0
    998 vmtoolsd         0.2  0.2
   1686 gnome-shell      0.2  5.0
      1 systemd          0.1  0.4
     26 migration/1      0.1  0.0
----------------------------------------
NETWORK MONITORING
----------------------------------------
Network Interfaces:
lo               UNKNOWN        127.0.0.1/8 ::1/128 
ens160           UP             192.168.211.131/24 fe80::3e6f:7f65:7bd8:375d/64 
docker0          DOWN           172.17.0.1/16 

Default Route:
default via 192.168.211.2 dev ens160 proto dhcp src 192.168.211.131 metric 100 

Internet Connectivity:
Status        : CONNECTED
[OK] Network connectivity is available

----------------------------------------
SERVICE MONITORING
----------------------------------------
sshd : RUNNING
========================================
       LINUX SYSTEM MONITOR
========================================
Hostname      : server
OS            : Red Hat Enterprise Linux 9.8 (Plow)
Kernel        : 5.14.0-687.34.1.el9_8.x86_64
Uptime        : up 36 minutes
----------------------------------------
SYSTEM RESOURCES
----------------------------------------
CPU Usage     : 5.90%
[OK] CPU usage is normal
Load Average  : 0.00
Memory Usage  : 26.69%
[OK] Memory usage is normal
----------------------------------------
DISK MONITORING
----------------------------------------
/dev : 0%
/dev/shm : 0%
/run : 2%
/sys/firmware/efi/efivars : 23%
/ : 21%
/boot : 70%
/storage : 2%
/boot/efi : 2%
/run/user/42 : 1%
----------------------------------------
TOP PROCESSES
----------------------------------------
    PID COMMAND         %CPU %MEM
    998 vmtoolsd         0.2  0.2
      1 systemd          0.1  0.4
     26 migration/1      0.1  0.0
   1236 containerd       0.1  1.2
   1686 gnome-shell      0.1  5.0
----------------------------------------
NETWORK MONITORING
----------------------------------------
Network Interfaces:
lo               UNKNOWN        127.0.0.1/8 ::1/128 
ens160           UP             192.168.211.131/24 fe80::3e6f:7f65:7bd8:375d/64 
docker0          DOWN           172.17.0.1/16 

Default Route:
default via 192.168.211.2 dev ens160 proto dhcp src 192.168.211.131 metric 100 

Internet Connectivity:
Status        : CONNECTED
[OK] Network connectivity is available

----------------------------------------
SERVICE MONITORING
----------------------------------------
sshd : RUNNING
firewalld : RUNNING
========================================
========================================
       LINUX SYSTEM MONITOR
========================================
Hostname      : server
OS            : Red Hat Enterprise Linux 9.8 (Plow)
Kernel        : 5.14.0-687.34.1.el9_8.x86_64
Uptime        : up 41 minutes
----------------------------------------
SYSTEM RESOURCES
----------------------------------------
CPU Usage     : 6.10%
[OK] CPU usage is normal
Load Average  : 0.15
Memory Usage  : 26.79%
[OK] Memory usage is normal
----------------------------------------
DISK MONITORING
----------------------------------------
/dev : 0%
/dev/shm : 0%
/run : 2%
/sys/firmware/efi/efivars : 23%
/ : 21%
/boot : 70%
/storage : 2%
/boot/efi : 2%
/run/user/42 : 1%
----------------------------------------
TOP PROCESSES
----------------------------------------
    PID COMMAND         %CPU %MEM
    998 vmtoolsd         0.2  0.2
      1 systemd          0.1  0.4
     26 migration/1      0.1  0.0
   1236 containerd       0.1  1.4
   1686 gnome-shell      0.1  5.0
----------------------------------------
NETWORK MONITORING
----------------------------------------
Network Interfaces:
lo               UNKNOWN        127.0.0.1/8 ::1/128 
ens160           UP             192.168.211.131/24 fe80::3e6f:7f65:7bd8:375d/64 
docker0          DOWN           172.17.0.1/16 

Default Route:
default via 192.168.211.2 dev ens160 proto dhcp src 192.168.211.131 metric 100 

Internet Connectivity:
Status        : CONNECTED
[OK] Network connectivity is available

----------------------------------------
SERVICE MONITORING
----------------------------------------
sshd : RUNNING
firewalld : RUNNING
========================================
========================================
       LINUX SYSTEM MONITOR
========================================
Hostname      : server
OS            : Red Hat Enterprise Linux 9.8 (Plow)
Kernel        : 5.14.0-687.34.1.el9_8.x86_64
Uptime        : up 46 minutes
----------------------------------------
SYSTEM RESOURCES
----------------------------------------
CPU Usage     : 3.10%
[OK] CPU usage is normal
Load Average  : 0.00
Memory Usage  : 26.66%
[OK] Memory usage is normal
----------------------------------------
DISK MONITORING
----------------------------------------
/dev : 0%
/dev/shm : 0%
/run : 2%
/sys/firmware/efi/efivars : 23%
/ : 21%
/boot : 70%
/storage : 2%
/boot/efi : 2%
/run/user/42 : 1%
----------------------------------------
TOP PROCESSES
----------------------------------------
    PID COMMAND         %CPU %MEM
    998 vmtoolsd         0.2  0.2
      1 systemd          0.1  0.4
     26 migration/1      0.1  0.0
   1236 containerd       0.1  1.4
   1686 gnome-shell      0.1  5.0
----------------------------------------
NETWORK MONITORING
----------------------------------------
Network Interfaces:
lo               UNKNOWN        127.0.0.1/8 ::1/128 
ens160           UP             192.168.211.131/24 fe80::3e6f:7f65:7bd8:375d/64 
docker0          DOWN           172.17.0.1/16 

Default Route:
default via 192.168.211.2 dev ens160 proto dhcp src 192.168.211.131 metric 100 

Internet Connectivity:
Status        : CONNECTED
[OK] Network connectivity is available

----------------------------------------
SERVICE MONITORING
----------------------------------------
sshd : RUNNING
firewalld : RUNNING
========================================
========================================
       LINUX SYSTEM MONITOR
========================================
Hostname      : server
OS            : Red Hat Enterprise Linux 9.8 (Plow)
Kernel        : 5.14.0-687.34.1.el9_8.x86_64
Uptime        : up 51 minutes
----------------------------------------
SYSTEM RESOURCES
----------------------------------------
CPU Usage     : 5.90%
[OK] CPU usage is normal
Load Average  : 0.00
Memory Usage  : 26.78%
[OK] Memory usage is normal
----------------------------------------
DISK MONITORING
----------------------------------------
/dev : 0%
/dev/shm : 0%
/run : 2%
/sys/firmware/efi/efivars : 23%
/ : 21%
/boot : 70%
/storage : 2%
/boot/efi : 2%
/run/user/42 : 1%
----------------------------------------
TOP PROCESSES
----------------------------------------
    PID COMMAND         %CPU %MEM
    998 vmtoolsd         0.2  0.2
     26 migration/1      0.1  0.0
   1236 containerd       0.1  1.4
   1686 gnome-shell      0.1  5.0
      1 systemd          0.0  0.4
----------------------------------------
NETWORK MONITORING
----------------------------------------
Network Interfaces:
lo               UNKNOWN        127.0.0.1/8 ::1/128 
ens160           UP             192.168.211.131/24 fe80::3e6f:7f65:7bd8:375d/64 
docker0          DOWN           172.17.0.1/16 

Default Route:
default via 192.168.211.2 dev ens160 proto dhcp src 192.168.211.131 metric 100 

Internet Connectivity:
Status        : CONNECTED
[OK] Network connectivity is available

----------------------------------------
SERVICE MONITORING
----------------------------------------
sshd : RUNNING
firewalld : RUNNING
========================================
========================================
       LINUX SYSTEM MONITOR
========================================
Hostname      : server
OS            : Red Hat Enterprise Linux 9.8 (Plow)
Kernel        : 5.14.0-687.34.1.el9_8.x86_64
Uptime        : up 56 minutes
----------------------------------------
SYSTEM RESOURCES
----------------------------------------
CPU Usage     : 8.80%
[OK] CPU usage is normal
Load Average  : 0.00
Memory Usage  : 27.45%
[OK] Memory usage is normal
----------------------------------------
DISK MONITORING
----------------------------------------
/dev : 0%
/dev/shm : 0%
/run : 2%
/sys/firmware/efi/efivars : 23%
/ : 21%
/boot : 70%
/storage : 2%
/boot/efi : 2%
/run/user/42 : 1%
----------------------------------------
TOP PROCESSES
----------------------------------------
    PID COMMAND         %CPU %MEM
    998 vmtoolsd         0.2  0.2
     26 migration/1      0.1  0.0
   1236 containerd       0.1  1.4
   1686 gnome-shell      0.1  5.0
      1 systemd          0.0  0.4
----------------------------------------
NETWORK MONITORING
----------------------------------------
Network Interfaces:
lo               UNKNOWN        127.0.0.1/8 ::1/128 
ens160           UP             192.168.211.131/24 fe80::3e6f:7f65:7bd8:375d/64 
docker0          DOWN           172.17.0.1/16 

Default Route:
default via 192.168.211.2 dev ens160 proto dhcp src 192.168.211.131 metric 100 

Internet Connectivity:
Status        : CONNECTED
[OK] Network connectivity is available

----------------------------------------
SERVICE MONITORING
----------------------------------------
sshd : RUNNING
firewalld : RUNNING
========================================
========================================
       LINUX SYSTEM MONITOR
========================================
Hostname      : server
OS            : Red Hat Enterprise Linux 9.8 (Plow)
Kernel        : 5.14.0-687.34.1.el9_8.x86_64
Uptime        : up 1 hour, 1 minute
----------------------------------------
SYSTEM RESOURCES
----------------------------------------
CPU Usage     : 68.10%
[OK] CPU usage is normal
Load Average  : 0.56
Memory Usage  : 55.37%
[OK] Memory usage is normal
----------------------------------------
DISK MONITORING
----------------------------------------
/dev : 0%
/dev/shm : 0%
/run : 2%
/sys/firmware/efi/efivars : 23%
/ : 21%
/boot : 70%
/storage : 2%
/boot/efi : 2%
/run/user/1000 : 1%
/run/media/kunjan/CDROM : 100%
[WARNING] /run/media/kunjan/CDROM disk usage is above 80%
/run/media/kunjan/RHEL-9-8-0-BaseOS-x86_64 : 100%
[WARNING] /run/media/kunjan/RHEL-9-8-0-BaseOS-x86_64 disk usage is above 80%
----------------------------------------
TOP PROCESSES
----------------------------------------
    PID COMMAND         %CPU %MEM
   4262 packagekitd     32.5 17.3
   4350 gnome-software   6.8  3.1
   4094 gnome-shell      5.2  5.5
   4822 gnome-terminal-  1.2  1.4
   4689 ibus-extension-  1.1  0.9
----------------------------------------
NETWORK MONITORING
----------------------------------------
Network Interfaces:
lo               UNKNOWN        127.0.0.1/8 ::1/128 
ens160           UP             192.168.211.131/24 fe80::3e6f:7f65:7bd8:375d/64 
docker0          DOWN           172.17.0.1/16 

Default Route:
default via 192.168.211.2 dev ens160 proto dhcp src 192.168.211.131 metric 100 

Internet Connectivity:
Status        : CONNECTED
[OK] Network connectivity is available

----------------------------------------
SERVICE MONITORING
----------------------------------------
sshd : RUNNING
========================================
       LINUX SYSTEM MONITOR
========================================
Hostname      : server
OS            : Red Hat Enterprise Linux 9.8 (Plow)
Kernel        : 5.14.0-687.34.1.el9_8.x86_64
Uptime        : up 1 hour, 6 minutes
----------------------------------------
SYSTEM RESOURCES
----------------------------------------
CPU Usage     : 25.50%
[OK] CPU usage is normal
Load Average  : 0.72
Memory Usage  : 58.66%
[OK] Memory usage is normal
----------------------------------------
DISK MONITORING
----------------------------------------
/dev : 0%
/dev/shm : 0%
/run : 2%
/sys/firmware/efi/efivars : 23%
/ : 21%
/boot : 70%
/storage : 2%
/boot/efi : 2%
/run/user/1000 : 1%
/run/media/kunjan/CDROM : 100%
[WARNING] /run/media/kunjan/CDROM disk usage is above 80%
/run/media/kunjan/RHEL-9-8-0-BaseOS-x86_64 : 100%
[WARNING] /run/media/kunjan/RHEL-9-8-0-BaseOS-x86_64 disk usage is above 80%
----------------------------------------
TOP PROCESSES
----------------------------------------
    PID COMMAND         %CPU %MEM
   4262 packagekitd     16.9 20.7
   5139 monitor.sh       4.0  0.0
   5111 fprintd          3.2  0.2
   4094 gnome-shell      1.7  5.6
   4350 gnome-software   1.6  3.1
----------------------------------------
NETWORK MONITORING
----------------------------------------
Network Interfaces:
lo               UNKNOWN        127.0.0.1/8 ::1/128 
ens160           UP             192.168.211.131/24 fe80::3e6f:7f65:7bd8:375d/64 
docker0          DOWN           172.17.0.1/16 

Default Route:
default via 192.168.211.2 dev ens160 proto dhcp src 192.168.211.131 metric 100 

Internet Connectivity:
Status        : CONNECTED
[OK] Network connectivity is available

----------------------------------------
SERVICE MONITORING
----------------------------------------
sshd : RUNNING
firewalld : RUNNING
========================================
========================================
       LINUX SYSTEM MONITOR
========================================
Hostname      : server
OS            : Red Hat Enterprise Linux 9.8 (Plow)
Kernel        : 5.14.0-687.34.1.el9_8.x86_64
Uptime        : up 1 hour, 7 minutes
----------------------------------------
SYSTEM RESOURCES
----------------------------------------
CPU Usage     : 17.50%
[OK] CPU usage is normal
Load Average  : 0.34
Memory Usage  : 38.31%
[OK] Memory usage is normal
----------------------------------------
DISK MONITORING
----------------------------------------
/dev : 0%
/dev/shm : 0%
/run : 2%
/sys/firmware/efi/efivars : 23%
/ : 21%
/boot : 70%
/storage : 2%
/boot/efi : 2%
/run/user/1000 : 1%
/run/media/kunjan/CDROM : 100%
[WARNING] /run/media/kunjan/CDROM disk usage is above 80%
/run/media/kunjan/RHEL-9-8-0-BaseOS-x86_64 : 100%
[WARNING] /run/media/kunjan/RHEL-9-8-0-BaseOS-x86_64 disk usage is above 80%
----------------------------------------
TOP PROCESSES
----------------------------------------
    PID COMMAND         %CPU %MEM
   4094 gnome-shell      1.6  5.6
   4350 gnome-software   1.4  3.1
   4822 gnome-terminal-  0.3  1.4
    998 vmtoolsd         0.2  0.2
   4008 systemd          0.2  0.4
----------------------------------------
NETWORK MONITORING
----------------------------------------
Network Interfaces:
lo               UNKNOWN        127.0.0.1/8 ::1/128 
ens160           UP             192.168.211.131/24 fe80::3e6f:7f65:7bd8:375d/64 
docker0          DOWN           172.17.0.1/16 

Default Route:
default via 192.168.211.2 dev ens160 proto dhcp src 192.168.211.131 metric 100 

Internet Connectivity:
Status        : CONNECTED
[OK] Network connectivity is available

----------------------------------------
SERVICE MONITORING
----------------------------------------
sshd : RUNNING
firewalld : RUNNING
========================================
========================================
       LINUX SYSTEM MONITOR
========================================
Hostname      : server
OS            : Red Hat Enterprise Linux 9.8 (Plow)
Kernel        : 5.14.0-687.34.1.el9_8.x86_64
Uptime        : up 1 hour, 11 minutes
----------------------------------------
SYSTEM RESOURCES
----------------------------------------
CPU Usage     : 11.40%
[OK] CPU usage is normal
Load Average  : 0.02
Memory Usage  : 38.49%
[OK] Memory usage is normal
----------------------------------------
DISK MONITORING
----------------------------------------
/dev : 0%
/dev/shm : 0%
/run : 2%
/sys/firmware/efi/efivars : 23%
/ : 21%
/boot : 70%
/storage : 2%
/boot/efi : 2%
/run/user/1000 : 1%
/run/media/kunjan/CDROM : 100%
[WARNING] /run/media/kunjan/CDROM disk usage is above 80%
/run/media/kunjan/RHEL-9-8-0-BaseOS-x86_64 : 100%
[WARNING] /run/media/kunjan/RHEL-9-8-0-BaseOS-x86_64 disk usage is above 80%
----------------------------------------
TOP PROCESSES
----------------------------------------
    PID COMMAND         %CPU %MEM
   4094 gnome-shell      1.8  5.6
   4350 gnome-software   0.9  3.1
   4822 gnome-terminal-  0.8  1.4
   4362 vmtoolsd         0.3  1.2
    998 vmtoolsd         0.2  0.2
----------------------------------------
NETWORK MONITORING
----------------------------------------
Network Interfaces:
lo               UNKNOWN        127.0.0.1/8 ::1/128 
ens160           UP             192.168.211.131/24 fe80::3e6f:7f65:7bd8:375d/64 
docker0          DOWN           172.17.0.1/16 

Default Route:
default via 192.168.211.2 dev ens160 proto dhcp src 192.168.211.131 metric 100 

Internet Connectivity:
Status        : CONNECTED
[OK] Network connectivity is available

----------------------------------------
SERVICE MONITORING
----------------------------------------
sshd : RUNNING
firewalld : RUNNING
========================================
========================================
       LINUX SYSTEM MONITOR
========================================
Hostname      : server
OS            : Red Hat Enterprise Linux 9.8 (Plow)
Kernel        : 5.14.0-687.34.1.el9_8.x86_64
Uptime        : up 1 hour, 11 minutes
----------------------------------------
SYSTEM RESOURCES
----------------------------------------
CPU Usage     : 15.80%
[OK] CPU usage is normal
Load Average  : 0.01
Memory Usage  : 38.20%
[OK] Memory usage is normal
----------------------------------------
DISK MONITORING
----------------------------------------
/dev : 0%
/dev/shm : 0%
/run : 2%
/sys/firmware/efi/efivars : 23%
/ : 21%
/boot : 70%
/storage : 2%
/boot/efi : 2%
/run/user/1000 : 1%
/run/media/kunjan/CDROM : 100%
[WARNING] /run/media/kunjan/CDROM disk usage is above 80%
/run/media/kunjan/RHEL-9-8-0-BaseOS-x86_64 : 100%
[WARNING] /run/media/kunjan/RHEL-9-8-0-BaseOS-x86_64 disk usage is above 80%
----------------------------------------
TOP PROCESSES
----------------------------------------
    PID COMMAND         %CPU %MEM
   5391 gnome-terminal-  2.6  1.4
   4094 gnome-shell      1.9  5.6
   4350 gnome-software   0.8  3.1
   4362 vmtoolsd         0.3  1.2
    998 vmtoolsd         0.2  0.2
----------------------------------------
NETWORK MONITORING
----------------------------------------
Network Interfaces:
lo               UNKNOWN        127.0.0.1/8 ::1/128 
ens160           UP             192.168.211.131/24 fe80::3e6f:7f65:7bd8:375d/64 
docker0          DOWN           172.17.0.1/16 

Default Route:
default via 192.168.211.2 dev ens160 proto dhcp src 192.168.211.131 metric 100 

Internet Connectivity:
Status        : CONNECTED
[OK] Network connectivity is available

----------------------------------------
SERVICE MONITORING
----------------------------------------
sshd : RUNNING
firewalld : RUNNING
========================================
========================================
       LINUX SYSTEM MONITOR
========================================
Hostname      : server
OS            : Red Hat Enterprise Linux 9.8 (Plow)
Kernel        : 5.14.0-687.34.1.el9_8.x86_64
Uptime        : up 1 hour, 16 minutes
----------------------------------------
SYSTEM RESOURCES
----------------------------------------
CPU Usage     : 11.10%
[OK] CPU usage is normal
Load Average  : 0.00
Memory Usage  : 38.46%
[OK] Memory usage is normal
----------------------------------------
DISK MONITORING
----------------------------------------
/dev : 0%
/dev/shm : 0%
/run : 2%
/sys/firmware/efi/efivars : 23%
/ : 21%
/boot : 70%
/storage : 2%
/boot/efi : 2%
/run/user/1000 : 1%
/run/media/kunjan/CDROM : 100%
[WARNING] /run/media/kunjan/CDROM disk usage is above 80%
/run/media/kunjan/RHEL-9-8-0-BaseOS-x86_64 : 100%
[WARNING] /run/media/kunjan/RHEL-9-8-0-BaseOS-x86_64 disk usage is above 80%
----------------------------------------
TOP PROCESSES
----------------------------------------
    PID COMMAND         %CPU %MEM
   4094 gnome-shell      1.5  5.6
   4350 gnome-software   0.6  3.1
   5391 gnome-terminal-  0.4  1.4
   4362 vmtoolsd         0.3  1.3
    998 vmtoolsd         0.2  0.2
----------------------------------------
NETWORK MONITORING
----------------------------------------
Network Interfaces:
lo               UNKNOWN        127.0.0.1/8 ::1/128 
ens160           UP             192.168.211.131/24 fe80::3e6f:7f65:7bd8:375d/64 
docker0          DOWN           172.17.0.1/16 

Default Route:
default via 192.168.211.2 dev ens160 proto dhcp src 192.168.211.131 metric 100 

Internet Connectivity:
Status        : CONNECTED
[OK] Network connectivity is available

----------------------------------------
SERVICE MONITORING
----------------------------------------
sshd : RUNNING
firewalld : RUNNING
========================================
========================================
       LINUX SYSTEM MONITOR
========================================
Hostname      : server
OS            : Red Hat Enterprise Linux 9.8 (Plow)
Kernel        : 5.14.0-687.34.1.el9_8.x86_64
Uptime        : up 1 hour, 21 minutes
----------------------------------------
SYSTEM RESOURCES
----------------------------------------
CPU Usage     : 5.90%
[OK] CPU usage is normal
Load Average  : 0.00
Memory Usage  : 38.73%
[OK] Memory usage is normal
----------------------------------------
DISK MONITORING
----------------------------------------
/dev : 0%
/dev/shm : 0%
/run : 2%
/sys/firmware/efi/efivars : 23%
/ : 21%
/boot : 70%
/storage : 2%
/boot/efi : 2%
/run/user/1000 : 1%
/run/media/kunjan/CDROM : 100%
[WARNING] /run/media/kunjan/CDROM disk usage is above 80%
/run/media/kunjan/RHEL-9-8-0-BaseOS-x86_64 : 100%
[WARNING] /run/media/kunjan/RHEL-9-8-0-BaseOS-x86_64 disk usage is above 80%
----------------------------------------
TOP PROCESSES
----------------------------------------
    PID COMMAND         %CPU %MEM
   4094 gnome-shell      1.3  5.6
   4350 gnome-software   0.5  3.1
   5391 gnome-terminal-  0.5  1.5
   4362 vmtoolsd         0.3  1.4
    998 vmtoolsd         0.2  0.2
----------------------------------------
NETWORK MONITORING
----------------------------------------
Network Interfaces:
lo               UNKNOWN        127.0.0.1/8 ::1/128 
ens160           UP             192.168.211.131/24 fe80::3e6f:7f65:7bd8:375d/64 
docker0          DOWN           172.17.0.1/16 

Default Route:
default via 192.168.211.2 dev ens160 proto dhcp src 192.168.211.131 metric 100 

Internet Connectivity:
Status        : CONNECTED
[OK] Network connectivity is available

----------------------------------------
SERVICE MONITORING
----------------------------------------
sshd : RUNNING
firewalld : RUNNING
========================================
========================================
       LINUX SYSTEM MONITOR
========================================
Hostname      : server
OS            : Red Hat Enterprise Linux 9.8 (Plow)
Kernel        : 5.14.0-687.34.1.el9_8.x86_64
Uptime        : up 1 hour, 26 minutes
----------------------------------------
SYSTEM RESOURCES
----------------------------------------
CPU Usage     : 5.70%
[OK] CPU usage is normal
Load Average  : 0.04
Memory Usage  : 38.58%
[OK] Memory usage is normal
----------------------------------------
DISK MONITORING
----------------------------------------
/dev : 0%
/dev/shm : 0%
/run : 2%
/sys/firmware/efi/efivars : 23%
/ : 21%
/boot : 70%
/storage : 2%
/boot/efi : 2%
/run/user/1000 : 1%
/run/media/kunjan/CDROM : 100%
[WARNING] /run/media/kunjan/CDROM disk usage is above 80%
/run/media/kunjan/RHEL-9-8-0-BaseOS-x86_64 : 100%
[WARNING] /run/media/kunjan/RHEL-9-8-0-BaseOS-x86_64 disk usage is above 80%
----------------------------------------
TOP PROCESSES
----------------------------------------
    PID COMMAND         %CPU %MEM
   4094 gnome-shell      1.2  5.6
   5391 gnome-terminal-  0.5  1.5
   4350 gnome-software   0.4  3.1
   4362 vmtoolsd         0.3  1.2
    998 vmtoolsd         0.2  0.2
----------------------------------------
NETWORK MONITORING
----------------------------------------
Network Interfaces:
lo               UNKNOWN        127.0.0.1/8 ::1/128 
ens160           UP             192.168.211.131/24 fe80::3e6f:7f65:7bd8:375d/64 
docker0          DOWN           172.17.0.1/16 

Default Route:
default via 192.168.211.2 dev ens160 proto dhcp src 192.168.211.131 metric 100 

Internet Connectivity:
Status        : CONNECTED
[OK] Network connectivity is available

----------------------------------------
SERVICE MONITORING
----------------------------------------
sshd : RUNNING
firewalld : RUNNING
========================================
========================================
       LINUX SYSTEM MONITOR
========================================
Hostname      : server
OS            : Red Hat Enterprise Linux 9.8 (Plow)
Kernel        : 5.14.0-687.34.1.el9_8.x86_64
Uptime        : up 1 hour, 30 minutes
----------------------------------------
SYSTEM RESOURCES
----------------------------------------
CPU Usage     : 18.40%
[OK] CPU usage is normal
Load Average  : 0.01
Memory Usage  : 38.48%
[OK] Memory usage is normal
----------------------------------------
DISK MONITORING
----------------------------------------
/dev : 0%
/dev/shm : 0%
/run : 2%
/sys/firmware/efi/efivars : 23%
/ : 21%
/boot : 70%
/storage : 2%
/boot/efi : 2%
/run/user/1000 : 1%
/run/media/kunjan/CDROM : 100%
[WARNING] /run/media/kunjan/CDROM disk usage is above 80%
/run/media/kunjan/RHEL-9-8-0-BaseOS-x86_64 : 100%
[WARNING] /run/media/kunjan/RHEL-9-8-0-BaseOS-x86_64 disk usage is above 80%
----------------------------------------
TOP PROCESSES
----------------------------------------
    PID COMMAND         %CPU %MEM
   4094 gnome-shell      1.1  5.6
   5391 gnome-terminal-  0.4  1.5
   4350 gnome-software   0.3  3.1
   4362 vmtoolsd         0.3  1.3
    998 vmtoolsd         0.2  0.2
----------------------------------------
NETWORK MONITORING
----------------------------------------
Network Interfaces:
lo               UNKNOWN        127.0.0.1/8 ::1/128 
ens160           UP             192.168.211.131/24 fe80::3e6f:7f65:7bd8:375d/64 
docker0          DOWN           172.17.0.1/16 

Default Route:
default via 192.168.211.2 dev ens160 proto dhcp src 192.168.211.131 metric 100 

Internet Connectivity:
Status        : CONNECTED
[OK] Network connectivity is available

----------------------------------------
SERVICE MONITORING
----------------------------------------
sshd : RUNNING
firewalld : RUNNING
========================================
========================================
       LINUX SYSTEM MONITOR
========================================
Hostname      : server
OS            : Red Hat Enterprise Linux 9.8 (Plow)
Kernel        : 5.14.0-687.34.1.el9_8.x86_64
Uptime        : up 1 hour, 31 minutes
----------------------------------------
SYSTEM RESOURCES
----------------------------------------
CPU Usage     : 11.10%
[OK] CPU usage is normal
Load Average  : 0.00
Memory Usage  : 38.14%
[OK] Memory usage is normal
----------------------------------------
DISK MONITORING
----------------------------------------
/dev : 0%
/dev/shm : 0%
/run : 2%
/sys/firmware/efi/efivars : 23%
/ : 21%
/boot : 70%
/storage : 2%
/boot/efi : 2%
/run/user/1000 : 1%
/run/media/kunjan/CDROM : 100%
[WARNING] /run/media/kunjan/CDROM disk usage is above 80%
/run/media/kunjan/RHEL-9-8-0-BaseOS-x86_64 : 100%
[WARNING] /run/media/kunjan/RHEL-9-8-0-BaseOS-x86_64 disk usage is above 80%
----------------------------------------
TOP PROCESSES
----------------------------------------
    PID COMMAND         %CPU %MEM
   6184 fprintd          2.5  0.2
   4094 gnome-shell      1.2  5.6
   5391 gnome-terminal-  0.4  1.5
   4350 gnome-software   0.3  3.1
   4362 vmtoolsd         0.3  1.3
----------------------------------------
NETWORK MONITORING
----------------------------------------
Network Interfaces:
lo               UNKNOWN        127.0.0.1/8 ::1/128 
ens160           UP             192.168.211.131/24 fe80::3e6f:7f65:7bd8:375d/64 
docker0          DOWN           172.17.0.1/16 

Default Route:
default via 192.168.211.2 dev ens160 proto dhcp src 192.168.211.131 metric 100 

Internet Connectivity:
Status        : CONNECTED
[OK] Network connectivity is available

----------------------------------------
SERVICE MONITORING
----------------------------------------
sshd : RUNNING
firewalld : DOWN
[CRITICAL] firewalld service is not running
========================================
========================================
       LINUX SYSTEM MONITOR
========================================
Hostname      : server
OS            : Red Hat Enterprise Linux 9.8 (Plow)
Kernel        : 5.14.0-687.34.1.el9_8.x86_64
Uptime        : up 1 hour, 31 minutes
----------------------------------------
SYSTEM RESOURCES
----------------------------------------
CPU Usage     : 5.90%
[OK] CPU usage is normal
Load Average  : 0.00
Memory Usage  : 38.03%
[OK] Memory usage is normal
----------------------------------------
DISK MONITORING
----------------------------------------
/dev : 0%
/dev/shm : 0%
/run : 2%
/sys/firmware/efi/efivars : 23%
/ : 21%
/boot : 70%
/storage : 2%
/boot/efi : 2%
/run/user/1000 : 1%
/run/media/kunjan/CDROM : 100%
[WARNING] /run/media/kunjan/CDROM disk usage is above 80%
/run/media/kunjan/RHEL-9-8-0-BaseOS-x86_64 : 100%
[WARNING] /run/media/kunjan/RHEL-9-8-0-BaseOS-x86_64 disk usage is above 80%
----------------------------------------
TOP PROCESSES
----------------------------------------
    PID COMMAND         %CPU %MEM
   4094 gnome-shell      1.2  5.6
   6184 fprintd          1.1  0.2
   6309 monitor.sh       1.0  0.0
   6311 tee              1.0  0.0
   5391 gnome-terminal-  0.4  1.5
----------------------------------------
NETWORK MONITORING
----------------------------------------
Network Interfaces:
lo               UNKNOWN        127.0.0.1/8 ::1/128 
ens160           UP             192.168.211.131/24 fe80::3e6f:7f65:7bd8:375d/64 
docker0          DOWN           172.17.0.1/16 

Default Route:
default via 192.168.211.2 dev ens160 proto dhcp src 192.168.211.131 metric 100 

Internet Connectivity:
Status        : CONNECTED
[OK] Network connectivity is available

----------------------------------------
SERVICE MONITORING
----------------------------------------
sshd : RUNNING
firewalld : DOWN
[CRITICAL] firewalld service is not running
========================================
========================================
       LINUX SYSTEM MONITOR
========================================
Hostname      : server
OS            : Red Hat Enterprise Linux 9.8 (Plow)
Kernel        : 5.14.0-687.34.1.el9_8.x86_64
Uptime        : up 1 hour, 32 minutes
----------------------------------------
SYSTEM RESOURCES
----------------------------------------
CPU Usage     : 17.50%
[OK] CPU usage is normal
Load Average  : 0.00
Memory Usage  : 38.31%
[OK] Memory usage is normal
----------------------------------------
DISK MONITORING
----------------------------------------
/dev : 0%
/dev/shm : 0%
/run : 2%
/sys/firmware/efi/efivars : 23%
/ : 21%
/boot : 70%
/storage : 2%
/boot/efi : 2%
/run/user/1000 : 1%
/run/media/kunjan/CDROM : 100%
[WARNING] /run/media/kunjan/CDROM disk usage is above 80%
/run/media/kunjan/RHEL-9-8-0-BaseOS-x86_64 : 100%
[WARNING] /run/media/kunjan/RHEL-9-8-0-BaseOS-x86_64 disk usage is above 80%
----------------------------------------
TOP PROCESSES
----------------------------------------
    PID COMMAND         %CPU %MEM
   6410 firewalld       36.5  1.2
   6400 fprintd          1.5  0.2
   4094 gnome-shell      1.2  5.6
   5391 gnome-terminal-  0.4  1.5
   4350 gnome-software   0.3  3.1
----------------------------------------
NETWORK MONITORING
----------------------------------------
Network Interfaces:
lo               UNKNOWN        127.0.0.1/8 ::1/128 
ens160           UP             192.168.211.131/24 fe80::3e6f:7f65:7bd8:375d/64 
docker0          DOWN           172.17.0.1/16 

Default Route:
default via 192.168.211.2 dev ens160 proto dhcp src 192.168.211.131 metric 100 

Internet Connectivity:
Status        : CONNECTED
[OK] Network connectivity is available

----------------------------------------
SERVICE MONITORING
----------------------------------------
sshd : RUNNING
firewalld : RUNNING
========================================
========================================
       LINUX SYSTEM MONITOR
========================================
Hostname      : server
OS            : Red Hat Enterprise Linux 9.8 (Plow)
Kernel        : 5.14.0-687.34.1.el9_8.x86_64
Uptime        : up 1 hour, 32 minutes
----------------------------------------
SYSTEM RESOURCES
----------------------------------------
CPU Usage     : 18.40%
[OK] CPU usage is normal
Load Average  : 0.00
Memory Usage  : 38.27%
[OK] Memory usage is normal
----------------------------------------
DISK MONITORING
----------------------------------------
/dev : 0%
/dev/shm : 0%
/run : 2%
/sys/firmware/efi/efivars : 23%
/ : 21%
/boot : 70%
/storage : 2%
/boot/efi : 2%
/run/user/1000 : 1%
/run/media/kunjan/CDROM : 100%
[WARNING] /run/media/kunjan/CDROM disk usage is above 80%
/run/media/kunjan/RHEL-9-8-0-BaseOS-x86_64 : 100%
[WARNING] /run/media/kunjan/RHEL-9-8-0-BaseOS-x86_64 disk usage is above 80%
----------------------------------------
TOP PROCESSES
----------------------------------------
    PID COMMAND         %CPU %MEM
   6410 firewalld       10.4  1.2
   4094 gnome-shell      1.2  5.6
   6400 fprintd          0.6  0.2
   5391 gnome-terminal-  0.4  1.5
   4350 gnome-software   0.3  3.1
----------------------------------------
NETWORK MONITORING
----------------------------------------
Network Interfaces:
lo               UNKNOWN        127.0.0.1/8 ::1/128 
ens160           UP             192.168.211.131/24 fe80::3e6f:7f65:7bd8:375d/64 
docker0          DOWN           172.17.0.1/16 

Default Route:
default via 192.168.211.2 dev ens160 proto dhcp src 192.168.211.131 metric 100 

Internet Connectivity:
Status        : CONNECTED
[OK] Network connectivity is available

----------------------------------------
SERVICE MONITORING
----------------------------------------
sshd : RUNNING
firewalld : RUNNING
========================================
========================================
       LINUX SYSTEM MONITOR
========================================
Hostname      : server
OS            : Red Hat Enterprise Linux 9.8 (Plow)
Kernel        : 5.14.0-687.34.1.el9_8.x86_64
Uptime        : up 1 hour, 36 minutes
----------------------------------------
SYSTEM RESOURCES
----------------------------------------
CPU Usage     : 8.60%
[OK] CPU usage is normal
Load Average  : 0.00
Memory Usage  : 38.38%
[OK] Memory usage is normal
----------------------------------------
DISK MONITORING
----------------------------------------
/dev : 0%
/dev/shm : 0%
/run : 2%
/sys/firmware/efi/efivars : 23%
/ : 21%
/boot : 70%
/storage : 2%
/boot/efi : 2%
/run/user/1000 : 1%
/run/media/kunjan/CDROM : 100%
[WARNING] /run/media/kunjan/CDROM disk usage is above 80%
/run/media/kunjan/RHEL-9-8-0-BaseOS-x86_64 : 100%
[WARNING] /run/media/kunjan/RHEL-9-8-0-BaseOS-x86_64 disk usage is above 80%
----------------------------------------
TOP PROCESSES
----------------------------------------
    PID COMMAND         %CPU %MEM
   4094 gnome-shell      1.1  5.6
   5391 gnome-terminal-  0.4  1.5
   4350 gnome-software   0.3  3.1
   4362 vmtoolsd         0.3  1.3
   6410 firewalld        0.3  1.2
----------------------------------------
NETWORK MONITORING
----------------------------------------
Network Interfaces:
lo               UNKNOWN        127.0.0.1/8 ::1/128 
ens160           UP             192.168.211.131/24 fe80::3e6f:7f65:7bd8:375d/64 
docker0          DOWN           172.17.0.1/16 

Default Route:
default via 192.168.211.2 dev ens160 proto dhcp src 192.168.211.131 metric 100 

Internet Connectivity:
Status        : CONNECTED
[OK] Network connectivity is available

----------------------------------------
SERVICE MONITORING
----------------------------------------
sshd : RUNNING
firewalld : RUNNING
========================================
========================================
       LINUX SYSTEM MONITOR
========================================
Hostname      : server
OS            : Red Hat Enterprise Linux 9.8 (Plow)
Kernel        : 5.14.0-687.34.1.el9_8.x86_64
Uptime        : up 1 hour, 41 minutes
----------------------------------------
SYSTEM RESOURCES
----------------------------------------
CPU Usage     : 8.60%
[OK] CPU usage is normal
Load Average  : 0.00
Memory Usage  : 38.34%
[OK] Memory usage is normal
----------------------------------------
DISK MONITORING
----------------------------------------
/dev : 0%
/dev/shm : 0%
/run : 2%
/sys/firmware/efi/efivars : 23%
/ : 21%
/boot : 70%
/storage : 2%
/boot/efi : 2%
/run/user/1000 : 1%
/run/media/kunjan/CDROM : 100%
[WARNING] /run/media/kunjan/CDROM disk usage is above 80%
/run/media/kunjan/RHEL-9-8-0-BaseOS-x86_64 : 100%
[WARNING] /run/media/kunjan/RHEL-9-8-0-BaseOS-x86_64 disk usage is above 80%
----------------------------------------
TOP PROCESSES
----------------------------------------
    PID COMMAND         %CPU %MEM
   4094 gnome-shell      1.0  5.6
   6859 monitor.sh       1.0  0.0
   5391 gnome-terminal-  0.4  1.5
    998 vmtoolsd         0.2  0.2
   4350 gnome-software   0.2  3.1
----------------------------------------
NETWORK MONITORING
----------------------------------------
Network Interfaces:
lo               UNKNOWN        127.0.0.1/8 ::1/128 
ens160           UP             192.168.211.131/24 fe80::3e6f:7f65:7bd8:375d/64 
docker0          DOWN           172.17.0.1/16 

Default Route:
default via 192.168.211.2 dev ens160 proto dhcp src 192.168.211.131 metric 100 

Internet Connectivity:
Status        : CONNECTED
[OK] Network connectivity is available

----------------------------------------
SERVICE MONITORING
----------------------------------------
sshd : RUNNING
firewalld : RUNNING
========================================
========================================
       LINUX SYSTEM MONITOR
========================================
Hostname      : server
OS            : Red Hat Enterprise Linux 9.8 (Plow)
Kernel        : 5.14.0-687.34.1.el9_8.x86_64
Uptime        : up 1 hour, 46 minutes
----------------------------------------
SYSTEM RESOURCES
----------------------------------------
CPU Usage     : 8.30%
[OK] CPU usage is normal
Load Average  : 0.00
Memory Usage  : 38.24%
[OK] Memory usage is normal
----------------------------------------
DISK MONITORING
----------------------------------------
/dev : 0%
/dev/shm : 0%
/run : 2%
/sys/firmware/efi/efivars : 23%
/ : 21%
/boot : 70%
/storage : 2%
/boot/efi : 2%
/run/user/1000 : 1%
/run/media/kunjan/CDROM : 100%
[WARNING] /run/media/kunjan/CDROM disk usage is above 80%
/run/media/kunjan/RHEL-9-8-0-BaseOS-x86_64 : 100%
[WARNING] /run/media/kunjan/RHEL-9-8-0-BaseOS-x86_64 disk usage is above 80%
----------------------------------------
TOP PROCESSES
----------------------------------------
    PID COMMAND         %CPU %MEM
   4094 gnome-shell      1.0  5.6
   5391 gnome-terminal-  0.3  1.5
    998 vmtoolsd         0.2  0.2
   4350 gnome-software   0.2  3.1
   4362 vmtoolsd         0.2  1.4
----------------------------------------
NETWORK MONITORING
----------------------------------------
Network Interfaces:
lo               UNKNOWN        127.0.0.1/8 ::1/128 
ens160           UP             192.168.211.131/24 fe80::3e6f:7f65:7bd8:375d/64 
docker0          DOWN           172.17.0.1/16 

Default Route:
default via 192.168.211.2 dev ens160 proto dhcp src 192.168.211.131 metric 100 

Internet Connectivity:
Status        : CONNECTED
[OK] Network connectivity is available

----------------------------------------
SERVICE MONITORING
----------------------------------------
sshd : RUNNING
firewalld : RUNNING
========================================
========================================
       LINUX SYSTEM MONITOR
========================================
Hostname      : server
OS            : Red Hat Enterprise Linux 9.8 (Plow)
Kernel        : 5.14.0-687.34.1.el9_8.x86_64
Uptime        : up 1 hour, 51 minutes
----------------------------------------
SYSTEM RESOURCES
----------------------------------------
CPU Usage     : 8.60%
[OK] CPU usage is normal
Load Average  : 0.00
Memory Usage  : 38.42%
[OK] Memory usage is normal
----------------------------------------
DISK MONITORING
----------------------------------------
/dev : 0%
/dev/shm : 0%
/run : 2%
/sys/firmware/efi/efivars : 23%
/ : 21%
/boot : 70%
/storage : 2%
/boot/efi : 2%
/run/user/1000 : 1%
/run/media/kunjan/CDROM : 100%
[WARNING] /run/media/kunjan/CDROM disk usage is above 80%
/run/media/kunjan/RHEL-9-8-0-BaseOS-x86_64 : 100%
[WARNING] /run/media/kunjan/RHEL-9-8-0-BaseOS-x86_64 disk usage is above 80%
----------------------------------------
TOP PROCESSES
----------------------------------------
    PID COMMAND         %CPU %MEM
   4094 gnome-shell      0.9  5.6
   5391 gnome-terminal-  0.3  1.5
    998 vmtoolsd         0.2  0.2
   4350 gnome-software   0.2  3.1
   4362 vmtoolsd         0.2  1.4
----------------------------------------
NETWORK MONITORING
----------------------------------------
Network Interfaces:
lo               UNKNOWN        127.0.0.1/8 ::1/128 
ens160           UP             192.168.211.131/24 fe80::3e6f:7f65:7bd8:375d/64 
docker0          DOWN           172.17.0.1/16 

Default Route:
default via 192.168.211.2 dev ens160 proto dhcp src 192.168.211.131 metric 100 

Internet Connectivity:
Status        : CONNECTED
[OK] Network connectivity is available

----------------------------------------
SERVICE MONITORING
----------------------------------------
sshd : RUNNING
firewalld : RUNNING
========================================
========================================
       LINUX SYSTEM MONITOR
========================================
Hostname      : server
OS            : Red Hat Enterprise Linux 9.8 (Plow)
Kernel        : 5.14.0-687.34.1.el9_8.x86_64
Uptime        : up 1 hour, 56 minutes
----------------------------------------
SYSTEM RESOURCES
----------------------------------------
CPU Usage     : 8.60%
[OK] CPU usage is normal
Load Average  : 0.00
Memory Usage  : 38.43%
[OK] Memory usage is normal
----------------------------------------
DISK MONITORING
----------------------------------------
/dev : 0%
/dev/shm : 0%
/run : 2%
/sys/firmware/efi/efivars : 23%
/ : 21%
/boot : 70%
/storage : 2%
/boot/efi : 2%
/run/user/1000 : 1%
/run/media/kunjan/CDROM : 100%
[WARNING] /run/media/kunjan/CDROM disk usage is above 80%
/run/media/kunjan/RHEL-9-8-0-BaseOS-x86_64 : 100%
[WARNING] /run/media/kunjan/RHEL-9-8-0-BaseOS-x86_64 disk usage is above 80%
----------------------------------------
TOP PROCESSES
----------------------------------------
    PID COMMAND         %CPU %MEM
   7087 monitor.sh       1.0  0.0
   4094 gnome-shell      0.8  5.6
    998 vmtoolsd         0.2  0.2
   4362 vmtoolsd         0.2  1.4
   5391 gnome-terminal-  0.2  1.5
----------------------------------------
NETWORK MONITORING
----------------------------------------
Network Interfaces:
lo               UNKNOWN        127.0.0.1/8 ::1/128 
ens160           UP             192.168.211.131/24 fe80::3e6f:7f65:7bd8:375d/64 
docker0          DOWN           172.17.0.1/16 

Default Route:
default via 192.168.211.2 dev ens160 proto dhcp src 192.168.211.131 metric 100 

Internet Connectivity:
Status        : CONNECTED
[OK] Network connectivity is available

----------------------------------------
SERVICE MONITORING
----------------------------------------
sshd : RUNNING
firewalld : RUNNING
========================================
========================================
       LINUX SYSTEM MONITOR
========================================
Hostname      : server
OS            : Red Hat Enterprise Linux 9.8 (Plow)
Kernel        : 5.14.0-687.34.1.el9_8.x86_64
Uptime        : up 2 hours, 1 minute
----------------------------------------
SYSTEM RESOURCES
----------------------------------------
CPU Usage     : 11.10%
[OK] CPU usage is normal
Load Average  : 0.08
Memory Usage  : 38.34%
[OK] Memory usage is normal
----------------------------------------
DISK MONITORING
----------------------------------------
/dev : 0%
/dev/shm : 0%
/run : 2%
/sys/firmware/efi/efivars : 23%
/ : 21%
/boot : 70%
/storage : 2%
/boot/efi : 2%
/run/user/1000 : 1%
/run/media/kunjan/CDROM : 100%
[WARNING] /run/media/kunjan/CDROM disk usage is above 80%
/run/media/kunjan/RHEL-9-8-0-BaseOS-x86_64 : 100%
[WARNING] /run/media/kunjan/RHEL-9-8-0-BaseOS-x86_64 disk usage is above 80%
----------------------------------------
TOP PROCESSES
----------------------------------------
    PID COMMAND         %CPU %MEM
   4094 gnome-shell      0.7  5.6
    998 vmtoolsd         0.2  0.2
   4362 vmtoolsd         0.2  1.4
   5391 gnome-terminal-  0.2  1.5
   1236 containerd       0.1  1.4
----------------------------------------
NETWORK MONITORING
----------------------------------------
Network Interfaces:
lo               UNKNOWN        127.0.0.1/8 ::1/128 
ens160           UP             192.168.211.131/24 fe80::3e6f:7f65:7bd8:375d/64 
docker0          DOWN           172.17.0.1/16 

Default Route:
default via 192.168.211.2 dev ens160 proto dhcp src 192.168.211.131 metric 100 

Internet Connectivity:
Status        : CONNECTED
[OK] Network connectivity is available

----------------------------------------
SERVICE MONITORING
----------------------------------------
sshd : RUNNING
firewalld : RUNNING
========================================
========================================
       LINUX SYSTEM MONITOR
========================================
Hostname      : server
OS            : Red Hat Enterprise Linux 9.8 (Plow)
Kernel        : 5.14.0-687.34.1.el9_8.x86_64
Uptime        : up 2 hours, 6 minutes
----------------------------------------
SYSTEM RESOURCES
----------------------------------------
CPU Usage     : 16.10%
[OK] CPU usage is normal
Load Average  : 0.08
Memory Usage  : 38.22%
[OK] Memory usage is normal
----------------------------------------
DISK MONITORING
----------------------------------------
/dev : 0%
/dev/shm : 0%
/run : 2%
/sys/firmware/efi/efivars : 23%
/ : 21%
/boot : 70%
/storage : 2%
/boot/efi : 2%
/run/user/1000 : 1%
/run/media/kunjan/CDROM : 100%
[WARNING] /run/media/kunjan/CDROM disk usage is above 80%
/run/media/kunjan/RHEL-9-8-0-BaseOS-x86_64 : 100%
[WARNING] /run/media/kunjan/RHEL-9-8-0-BaseOS-x86_64 disk usage is above 80%
----------------------------------------
TOP PROCESSES
----------------------------------------
    PID COMMAND         %CPU %MEM
   7305 systemd-hostnam  1.9  0.2
   7300 sshd-session     1.0  0.2
   7335 monitor.sh       1.0  0.0
   4094 gnome-shell      0.7  5.7
   7296 sshd-session     0.7  0.3
----------------------------------------
NETWORK MONITORING
----------------------------------------
Network Interfaces:
lo               UNKNOWN        127.0.0.1/8 ::1/128 
ens160           UP             192.168.211.131/24 fe80::3e6f:7f65:7bd8:375d/64 
docker0          DOWN           172.17.0.1/16 

Default Route:
default via 192.168.211.2 dev ens160 proto dhcp src 192.168.211.131 metric 100 

Internet Connectivity:
Status        : CONNECTED
[OK] Network connectivity is available

----------------------------------------
SERVICE MONITORING
----------------------------------------
sshd : RUNNING
firewalld : RUNNING
========================================
========================================
       LINUX SYSTEM MONITOR
========================================
Hostname      : server
OS            : Red Hat Enterprise Linux 9.8 (Plow)
Kernel        : 5.14.0-687.34.1.el9_8.x86_64
Uptime        : up 2 hours, 11 minutes
----------------------------------------
SYSTEM RESOURCES
----------------------------------------
CPU Usage     : 17.10%
[OK] CPU usage is normal
Load Average  : 0.01
Memory Usage  : 37.84%
[OK] Memory usage is normal
----------------------------------------
DISK MONITORING
----------------------------------------
/dev : 0%
/dev/shm : 0%
/run : 2%
/sys/firmware/efi/efivars : 23%
/ : 21%
/boot : 70%
/storage : 2%
/boot/efi : 2%
/run/user/1000 : 1%
/run/media/kunjan/CDROM : 100%
[WARNING] /run/media/kunjan/CDROM disk usage is above 80%
/run/media/kunjan/RHEL-9-8-0-BaseOS-x86_64 : 100%
[WARNING] /run/media/kunjan/RHEL-9-8-0-BaseOS-x86_64 disk usage is above 80%
----------------------------------------
TOP PROCESSES
----------------------------------------
    PID COMMAND         %CPU %MEM
   4094 gnome-shell      0.7  5.7
   7478 fprintd          0.3  0.2
    998 vmtoolsd         0.2  0.2
   4362 vmtoolsd         0.2  1.1
   5391 gnome-terminal-  0.2  1.6
----------------------------------------
NETWORK MONITORING
----------------------------------------
Network Interfaces:
lo               UNKNOWN        127.0.0.1/8 ::1/128 
ens160           UP             192.168.211.131/24 fe80::3e6f:7f65:7bd8:375d/64 
docker0          DOWN           172.17.0.1/16 

Default Route:
default via 192.168.211.2 dev ens160 proto dhcp src 192.168.211.131 metric 100 

Internet Connectivity:
Status        : CONNECTED
[OK] Network connectivity is available

----------------------------------------
SERVICE MONITORING
----------------------------------------
sshd : RUNNING
firewalld : RUNNING
========================================
========================================
       LINUX SYSTEM MONITOR
========================================
Hostname      : server
OS            : Red Hat Enterprise Linux 9.8 (Plow)
Kernel        : 5.14.0-687.34.1.el9_8.x86_64
Uptime        : up 2 hours, 16 minutes
----------------------------------------
SYSTEM RESOURCES
----------------------------------------
CPU Usage     : 11.10%
[OK] CPU usage is normal
Load Average  : 0.04
Memory Usage  : 37.43%
[OK] Memory usage is normal
----------------------------------------
DISK MONITORING
----------------------------------------
/dev : 0%
/dev/shm : 0%
/run : 2%
/sys/firmware/efi/efivars : 23%
/ : 21%
/boot : 70%
/storage : 2%
/boot/efi : 2%
/run/user/1000 : 1%
/run/media/kunjan/CDROM : 100%
[WARNING] /run/media/kunjan/CDROM disk usage is above 80%
/run/media/kunjan/RHEL-9-8-0-BaseOS-x86_64 : 100%
[WARNING] /run/media/kunjan/RHEL-9-8-0-BaseOS-x86_64 disk usage is above 80%
----------------------------------------
TOP PROCESSES
----------------------------------------
    PID COMMAND         %CPU %MEM
   4094 gnome-shell      0.7  5.7
    998 vmtoolsd         0.2  0.2
   4362 vmtoolsd         0.2  1.1
   5391 gnome-terminal-  0.2  1.6
   1236 containerd       0.1  1.4
----------------------------------------
NETWORK MONITORING
----------------------------------------
Network Interfaces:
lo               UNKNOWN        127.0.0.1/8 ::1/128 
ens160           UP             192.168.211.131/24 fe80::3e6f:7f65:7bd8:375d/64 
docker0          DOWN           172.17.0.1/16 

Default Route:
default via 192.168.211.2 dev ens160 proto dhcp src 192.168.211.131 metric 100 

Internet Connectivity:
Status        : CONNECTED
[OK] Network connectivity is available

----------------------------------------
SERVICE MONITORING
----------------------------------------
sshd : RUNNING
firewalld : RUNNING
========================================
========================================
       LINUX SYSTEM MONITOR
========================================
Hostname      : server
OS            : Red Hat Enterprise Linux 9.8 (Plow)
Kernel        : 5.14.0-687.34.1.el9_8.x86_64
Uptime        : up 2 hours, 21 minutes
----------------------------------------
SYSTEM RESOURCES
----------------------------------------
CPU Usage     : 11.10%
[OK] CPU usage is normal
Load Average  : 0.01
Memory Usage  : 37.54%
[OK] Memory usage is normal
----------------------------------------
DISK MONITORING
----------------------------------------
/dev : 0%
/dev/shm : 0%
/run : 2%
/sys/firmware/efi/efivars : 23%
/ : 21%
/boot : 70%
/storage : 2%
/boot/efi : 2%
/run/user/1000 : 1%
/run/media/kunjan/CDROM : 100%
[WARNING] /run/media/kunjan/CDROM disk usage is above 80%
/run/media/kunjan/RHEL-9-8-0-BaseOS-x86_64 : 100%
[WARNING] /run/media/kunjan/RHEL-9-8-0-BaseOS-x86_64 disk usage is above 80%
----------------------------------------
TOP PROCESSES
----------------------------------------
    PID COMMAND         %CPU %MEM
   4094 gnome-shell      0.7  5.7
    998 vmtoolsd         0.2  0.2
   4362 vmtoolsd         0.2  1.1
   5391 gnome-terminal-  0.2  1.6
   1236 containerd       0.1  1.4
----------------------------------------
NETWORK MONITORING
----------------------------------------
Network Interfaces:
lo               UNKNOWN        127.0.0.1/8 ::1/128 
ens160           UP             192.168.211.131/24 fe80::3e6f:7f65:7bd8:375d/64 
docker0          DOWN           172.17.0.1/16 

Default Route:
default via 192.168.211.2 dev ens160 proto dhcp src 192.168.211.131 metric 100 

Internet Connectivity:
Status        : CONNECTED
[OK] Network connectivity is available

----------------------------------------
SERVICE MONITORING
----------------------------------------
sshd : RUNNING
firewalld : RUNNING
========================================
========================================
       LINUX SYSTEM MONITOR
========================================
Hostname      : server
OS            : Red Hat Enterprise Linux 9.8 (Plow)
Kernel        : 5.14.0-687.34.1.el9_8.x86_64
Uptime        : up 2 hours, 26 minutes
----------------------------------------
SYSTEM RESOURCES
----------------------------------------
CPU Usage     : 5.90%
[OK] CPU usage is normal
Load Average  : 0.00
Memory Usage  : 37.55%
[OK] Memory usage is normal
----------------------------------------
DISK MONITORING
----------------------------------------
/dev : 0%
/dev/shm : 0%
/run : 2%
/sys/firmware/efi/efivars : 23%
/ : 21%
/boot : 70%
/storage : 2%
/boot/efi : 2%
/run/user/1000 : 1%
/run/media/kunjan/CDROM : 100%
[WARNING] /run/media/kunjan/CDROM disk usage is above 80%
/run/media/kunjan/RHEL-9-8-0-BaseOS-x86_64 : 100%
[WARNING] /run/media/kunjan/RHEL-9-8-0-BaseOS-x86_64 disk usage is above 80%
----------------------------------------
TOP PROCESSES
----------------------------------------
    PID COMMAND         %CPU %MEM
   4094 gnome-shell      0.6  5.7
    998 vmtoolsd         0.2  0.2
   4362 vmtoolsd         0.2  1.1
   5391 gnome-terminal-  0.2  1.6
   1236 containerd       0.1  1.4
----------------------------------------
NETWORK MONITORING
----------------------------------------
Network Interfaces:
lo               UNKNOWN        127.0.0.1/8 ::1/128 
ens160           UP             192.168.211.131/24 fe80::3e6f:7f65:7bd8:375d/64 
docker0          DOWN           172.17.0.1/16 

Default Route:
default via 192.168.211.2 dev ens160 proto dhcp src 192.168.211.131 metric 100 

Internet Connectivity:
Status        : CONNECTED
[OK] Network connectivity is available

----------------------------------------
SERVICE MONITORING
----------------------------------------
sshd : RUNNING
firewalld : RUNNING
========================================
========================================
       LINUX SYSTEM MONITOR
========================================
Hostname      : server
OS            : Red Hat Enterprise Linux 9.8 (Plow)
Kernel        : 5.14.0-687.34.1.el9_8.x86_64
Uptime        : up 2 hours, 31 minutes
----------------------------------------
SYSTEM RESOURCES
----------------------------------------
CPU Usage     : 11.10%
[OK] CPU usage is normal
Load Average  : 0.00
Memory Usage  : 37.55%
[OK] Memory usage is normal
----------------------------------------
DISK MONITORING
----------------------------------------
/dev : 0%
/dev/shm : 0%
/run : 2%
/sys/firmware/efi/efivars : 23%
/ : 21%
/boot : 70%
/storage : 2%
/boot/efi : 2%
/run/user/1000 : 1%
/run/media/kunjan/CDROM : 100%
[WARNING] /run/media/kunjan/CDROM disk usage is above 80%
/run/media/kunjan/RHEL-9-8-0-BaseOS-x86_64 : 100%
[WARNING] /run/media/kunjan/RHEL-9-8-0-BaseOS-x86_64 disk usage is above 80%
----------------------------------------
TOP PROCESSES
----------------------------------------
    PID COMMAND         %CPU %MEM
   7984 monitor.sh       1.0  0.0
   4094 gnome-shell      0.6  5.7
    998 vmtoolsd         0.2  0.2
   4362 vmtoolsd         0.2  1.1
   1236 containerd       0.1  1.4
----------------------------------------
NETWORK MONITORING
----------------------------------------
Network Interfaces:
lo               UNKNOWN        127.0.0.1/8 ::1/128 
ens160           UP             192.168.211.131/24 fe80::3e6f:7f65:7bd8:375d/64 
docker0          DOWN           172.17.0.1/16 

Default Route:
default via 192.168.211.2 dev ens160 proto dhcp src 192.168.211.131 metric 100 

Internet Connectivity:
Status        : CONNECTED
[OK] Network connectivity is available

----------------------------------------
SERVICE MONITORING
----------------------------------------
sshd : RUNNING
firewalld : RUNNING
========================================
========================================
       LINUX SYSTEM MONITOR
========================================
Hostname      : server
OS            : Red Hat Enterprise Linux 9.8 (Plow)
Kernel        : 5.14.0-687.34.1.el9_8.x86_64
Uptime        : up 2 hours, 36 minutes
----------------------------------------
SYSTEM RESOURCES
----------------------------------------
CPU Usage     : 11.10%
[OK] CPU usage is normal
Load Average  : 0.00
Memory Usage  : 37.56%
[OK] Memory usage is normal
----------------------------------------
DISK MONITORING
----------------------------------------
/dev : 0%
/dev/shm : 0%
/run : 2%
/sys/firmware/efi/efivars : 23%
/ : 21%
/boot : 70%
/storage : 2%
/boot/efi : 2%
/run/user/1000 : 1%
/run/media/kunjan/CDROM : 100%
[WARNING] /run/media/kunjan/CDROM disk usage is above 80%
/run/media/kunjan/RHEL-9-8-0-BaseOS-x86_64 : 100%
[WARNING] /run/media/kunjan/RHEL-9-8-0-BaseOS-x86_64 disk usage is above 80%
----------------------------------------
TOP PROCESSES
----------------------------------------
    PID COMMAND         %CPU %MEM
   4094 gnome-shell      0.6  5.7
    998 vmtoolsd         0.2  0.2
   4362 vmtoolsd         0.2  1.1
   1236 containerd       0.1  1.4
   4350 gnome-software   0.1  3.1
----------------------------------------
NETWORK MONITORING
----------------------------------------
Network Interfaces:
lo               UNKNOWN        127.0.0.1/8 ::1/128 
ens160           UP             192.168.211.131/24 fe80::3e6f:7f65:7bd8:375d/64 
docker0          DOWN           172.17.0.1/16 

Default Route:
default via 192.168.211.2 dev ens160 proto dhcp src 192.168.211.131 metric 100 

Internet Connectivity:
Status        : CONNECTED
[OK] Network connectivity is available

----------------------------------------
SERVICE MONITORING
----------------------------------------
sshd : RUNNING
firewalld : RUNNING
========================================
